
Attaching package: ‘dplyr’

The following objects are masked from ‘package:stats’:

    filter, lag

The following objects are masked from ‘package:base’:

    intersect, setdiff, setequal, union


Attaching package: ‘lubridate’

The following objects are masked from ‘package:base’:

    date, intersect, setdiff, union


Attaching package: ‘reshape2’

The following object is masked from ‘package:tidyr’:

    smiths



             . ,,                                                            
            ,      ,,                                                        
 ,,,,,,    ,         ,,                                                      
,     ,,  ,            ,,,,.                                                 
,,     , ,,   ,,,,,,    ,,,                                 //  //           
  ,     ,,,.   ,,,,,.   ,,      ////                        //  //           
,,     ,,,,,.           ,,     // //     //////    /////    //  //    /////  
,,,        ,,           ,      //  //    /    //  //   //   //  //   //   // 
              ,,       ,      ////////   /    //  //   //   //  //   //   // 
                ,,   ,,      //     //   /   ///  //   //   //  //   //   // 
                   ,         //      //  /////      ///      //  //    ///   
                                         //                                  
                                         //                                  

Apollo 0.3.6
https://www.ApolloChoiceModelling.com
See url for a detailed manual, examples and a user forum.
Sign up to the user forum to receive updates on new releases.

Please cite Apollo in all written material you produce:
Hess S, Palma D (2019). "Apollo: a flexible, powerful and customisable
freeware package for choice model estimation and application." Journal
of Choice Modelling, 32. doi.org/10.1016/j.jocm.2019.100170

The developers of Apollo acknowledge the substantial support provided by
the European Research Council (ERC) through the consolidator grant DECISIONS,
the proof of concept grant APOLLO, and the advanced grant SYNERGY.
`summarise()` has grouped output by 'folio'. You can override using the
`.groups` argument.
     g.alimentos     g.vestimenta        g.cuentas          g.hogar 
      0.28927303       0.03125651       0.20527382       0.05763299 
         g.salud     g.transporte g.comunicaciones     g.recreacion 
      0.08140301       0.11843791       0.08343936       0.06170081 
     g.educacion   g.restaurantes 
      0.02470287       0.04687967 

INFORMATION: Your version of Apollo is more than six months old. Using
  the latest version will ensure you have all current functionality and
  bug fixes. You can update to the latest version by typing:
  install.packages("apollo") 
Apollo ignition sequence completed
All checks on apollo_control completed.
All checks on database completed.
Preparing user-defined functions.

Testing likelihood function...
INFORMATION: Setting "avail" is missing, so full availability is
  assumed. 

Overview of choices for FMNL model component :
                                 alimentos vestimenta  cuentas    hogar
Times available                   14961.00   14961.00 14961.00 14961.00
Observations with non-zero share  14865.00   12436.00 14875.00 13110.00
Average share overall                 0.29       0.03     0.21     0.06
Average share when available          0.29       0.03     0.21     0.06
                                    salud transporte comunicaciones recreacion
Times available                  14961.00   14961.00       14961.00   14961.00
Observations with non-zero share 12677.00   13217.00       14457.00   14132.00
Average share overall                0.08       0.12           0.08       0.06
Average share when available         0.08       0.12           0.08       0.06
                                 educacion restaurantes
Times available                   14961.00     14961.00
Observations with non-zero share   5288.00     10556.00
Average share overall                 0.02         0.05
Average share when available          0.02         0.05

Pre-processing likelihood function...
Creating cluster...
Preparing workers for multithreading...

Testing influence of parameters
Starting main estimation

BGW using analytic model derivatives supplied by caller...


Iterates will be written to: 
 output/FMNL-epf-ix_iterations.csv
    it    nf     F            RELDF    PRELDF    RELDX    MODEL stppar
     0     1 3.444897558e+04
     1     4 3.175854913e+04 7.810e-02 1.148e-01 1.00e+00   G   2.22e+01
     2     5 3.124696260e+04 1.611e-02 6.047e-02 4.88e-01   G   1.19e+01
     3     7 3.095536037e+04 9.332e-03 5.146e-02 3.18e-01  G-S  5.95e+00
     4     8 3.013556907e+04 2.648e-02 4.566e-02 1.63e-01   S   2.87e+00
     5     9 3.011028351e+04 8.391e-04 2.167e-02 1.47e-01   S   1.15e+00
     6    10 2.999451700e+04 3.845e-03 1.580e-02 5.57e-02   S   1.56e+00
     7    12 2.984374286e+04 5.027e-03 1.054e-02 3.85e-02   S   4.43e+00
     8    14 2.979049941e+04 1.784e-03 3.614e-03 9.77e-03   S   1.09e+01
     9    15 2.977510123e+04 5.169e-04 1.949e-03 1.88e-02   S   3.93e+00
    10    16 2.974783026e+04 9.159e-04 1.946e-03 1.54e-02   S   2.49e+00
    11    17 2.972388003e+04 8.051e-04 1.430e-03 3.56e-02   S   1.75e+00
    12    18 2.971477494e+04 3.063e-04 1.067e-03 2.51e-02   S   1.24e+00
    13    19 2.968830026e+04 8.910e-04 1.261e-03 2.58e-02   S   1.01e+00
    14    20 2.967599788e+04 4.144e-04 8.568e-04 2.87e-02   S   8.39e-01
    15    21 2.967123295e+04 1.606e-04 8.151e-04 2.47e-02   S   7.92e-01
    16    22 2.965879519e+04 4.192e-04 9.289e-04 3.51e-02   S   5.97e-01
    17    23 2.965098641e+04 2.633e-04 7.139e-04 2.76e-02   S   4.85e-01
    18    24 2.964226688e+04 2.941e-04 6.313e-04 2.94e-02   S   3.87e-01
    19    25 2.963590674e+04 2.146e-04 5.250e-04 2.60e-02   S   3.73e-01
    20    26 2.962986898e+04 2.037e-04 4.911e-04 2.82e-02   S   2.83e-01
    21    27 2.962542311e+04 1.500e-04 4.283e-04 2.37e-02   S   2.78e-01
    22    28 2.962166294e+04 1.269e-04 4.508e-04 2.49e-02   S   2.25e-01
    23    29 2.961794843e+04 1.254e-04 4.204e-04 2.06e-02   S   2.16e-01
    24    30 2.961499161e+04 9.983e-05 4.141e-04 2.04e-02   S   1.65e-01
    25    31 2.961395675e+04 3.494e-05 3.974e-04 1.96e-02   S   1.37e-01
    26    32 2.960701620e+04 2.344e-04 3.733e-04 1.41e-02   S   4.22e-01
    27    34 2.960509911e+04 6.475e-05 1.189e-04 6.67e-03   S   7.23e-01
    28    35 2.960480775e+04 9.842e-06 6.235e-05 4.86e-03   S   3.60e-01
    29    36 2.960348970e+04 4.452e-05 6.318e-05 5.78e-03   S   2.90e-01
    30    37 2.960288342e+04 2.048e-05 4.168e-05 5.43e-03   S   2.83e-01
    31    38 2.960201680e+04 2.927e-05 4.070e-05 5.94e-03   S   2.26e-01
    32    39 2.960145408e+04 1.901e-05 3.136e-05 5.30e-03   S   2.23e-01
    33    40 2.960078960e+04 2.245e-05 3.023e-05 6.03e-03   S   1.75e-01
    34    41 2.960033045e+04 1.551e-05 2.573e-05 5.35e-03   S   1.73e-01
    35    42 2.959987689e+04 1.532e-05 2.548e-05 5.45e-03   S   1.38e-01
    36    43 2.959939693e+04 1.622e-05 2.360e-05 5.29e-03   S   1.18e-01
    37    44 2.959911408e+04 9.556e-06 2.011e-05 5.17e-03   S   1.03e-01
    38    45 2.959883524e+04 9.421e-06 1.915e-05 5.18e-03   S   8.14e-02
    39    46 2.959857117e+04 8.922e-06 1.839e-05 4.83e-03   S   6.78e-02
    40    47 2.959848583e+04 2.883e-06 1.593e-05 4.45e-03   S   5.48e-02
    41    48 2.959840136e+04 2.854e-06 1.679e-05 4.48e-03   S   3.88e-02
    42    49 2.959830419e+04 3.283e-06 1.749e-05 4.55e-03   S   2.84e-02
    43    50 2.959830193e+04 7.629e-08 1.646e-05 3.95e-03   S   2.21e-02
    44    51 2.959823846e+04 2.145e-06 1.593e-05 2.45e-03   S   7.47e-02
    45    52 2.959809208e+04 4.945e-06 1.328e-05 3.31e-03   S   7.07e-02
    46    54 2.959799742e+04 3.198e-06 6.781e-06 8.24e-04   S   4.87e-01
    47    55 2.959797654e+04 7.054e-07 3.359e-06 1.05e-03   S   2.14e-01
    48    57 2.959795261e+04 8.085e-07 1.658e-06 5.17e-04   S   4.56e-01
    49    58 2.959795257e+04 1.279e-09 9.091e-07 5.17e-04   S   2.24e-01
    50    59 2.959794016e+04 4.193e-07 6.107e-07 2.93e-04   S   4.22e-01
    51    60 2.959793802e+04 7.241e-08 3.055e-07 2.70e-04   S   2.83e-01
    52    61 2.959793491e+04 1.050e-07 2.296e-07 4.43e-04   S   1.77e-01
    53    62 2.959793139e+04 1.187e-07 1.924e-07 4.00e-04   S   1.70e-01
    54    63 2.959792836e+04 1.024e-07 1.491e-07 3.78e-04   S   1.70e-01
    55    64 2.959792545e+04 9.832e-08 1.383e-07 4.42e-04   S   1.42e-01
    56    65 2.959792249e+04 9.997e-08 1.252e-07 4.41e-04   S   1.42e-01
    57    70 2.959778590e+04 4.615e-06 7.327e-06 3.04e-02   S   1.56e-03
    58    74 2.959777929e+04 2.232e-07 5.492e-07 3.33e-04   S   5.11e-01
    59    75 2.959777801e+04 4.348e-08 3.194e-07 2.10e-04   S   2.08e-01
    60    76 2.959777629e+04 5.795e-08 2.498e-07 2.76e-04   S   1.11e-01
    61    77 2.959777515e+04 3.871e-08 2.164e-07 2.71e-04   S   8.37e-02
    62    78 2.959777317e+04 6.659e-08 1.971e-07 2.64e-04   S   8.25e-02
    63    79 2.959777233e+04 2.848e-08 1.614e-07 3.92e-04   S   6.28e-02
    64    80 2.959777008e+04 7.613e-08 1.588e-07 3.39e-04   S   6.17e-02
    65    81 2.959776913e+04 3.219e-08 1.276e-07 3.03e-04   S   6.17e-02
    66    82 2.959776818e+04 3.186e-08 1.252e-07 3.09e-04   S   5.00e-02
    67    83 2.959776626e+04 6.493e-08 1.285e-07 3.17e-04   S   4.95e-02
    68    84 2.959776478e+04 4.995e-08 1.110e-07 3.59e-04   S   4.95e-02
    69    85 2.959776426e+04 1.778e-08 9.067e-08 2.85e-04   S   4.95e-02
    70    86 2.959776235e+04 6.441e-08 1.083e-07 3.37e-04   S   4.26e-02
    71    87 2.959776111e+04 4.196e-08 9.145e-08 2.90e-04   S   4.24e-02
    72    88 2.959776032e+04 2.675e-08 8.659e-08 2.95e-04   S   4.19e-02
    73    89 2.959775867e+04 5.554e-08 9.191e-08 2.83e-04   S   4.19e-02
    74    90 2.959775755e+04 3.802e-08 7.879e-08 2.95e-04   S   4.19e-02
    75    91 2.959775637e+04 3.967e-08 7.746e-08 3.04e-04   S   3.71e-02
    76    92 2.959775505e+04 4.463e-08 7.280e-08 3.19e-04   S   3.70e-02
    77    93 2.959775374e+04 4.418e-08 6.762e-08 3.20e-04   S   3.70e-02
    78    94 2.959775300e+04 2.497e-08 5.729e-08 3.13e-04   S   3.70e-02
    79    95 2.959775148e+04 5.167e-08 6.443e-08 2.79e-04   S   3.70e-02
    80    96 2.959775063e+04 2.849e-08 5.294e-08 2.97e-04   S   3.27e-02
    81    97 2.959774947e+04 3.924e-08 5.737e-08 3.11e-04   S   3.27e-02
    82    98 2.959774830e+04 3.968e-08 5.358e-08 3.21e-04   S   3.27e-02
    83    99 2.959774751e+04 2.648e-08 4.789e-08 3.12e-04   S   3.27e-02
    84   100 2.959774638e+04 3.834e-08 4.998e-08 3.04e-04   S   3.27e-02
    85   101 2.959774538e+04 3.381e-08 4.820e-08 3.28e-04   S   2.90e-02
    86   102 2.959774451e+04 2.922e-08 4.503e-08 3.00e-04   S   2.90e-02
    87   103 2.959774340e+04 3.763e-08 4.624e-08 2.92e-04   S   2.90e-02
    88   104 2.959774268e+04 2.411e-08 3.931e-08 3.04e-04   S   2.90e-02
    89   105 2.959774165e+04 3.497e-08 4.538e-08 3.44e-04   S   2.58e-02
    90   106 2.959774077e+04 2.974e-08 4.119e-08 3.38e-04   S   2.58e-02
    91   107 2.959773996e+04 2.730e-08 3.889e-08 3.05e-04   S   2.58e-02
    92   108 2.959773908e+04 2.973e-08 3.880e-08 2.94e-04   S   2.58e-02
    93   109 2.959773832e+04 2.561e-08 3.357e-08 2.75e-04   S   2.58e-02
    94   110 2.959773752e+04 2.731e-08 3.608e-08 3.26e-04   S   2.23e-02
    95   111 2.959773667e+04 2.854e-08 3.393e-08 3.26e-04   S   2.23e-02
    96   112 2.959773599e+04 2.299e-08 3.068e-08 3.22e-04   S   2.23e-02
    97   113 2.959773530e+04 2.347e-08 3.009e-08 3.15e-04   S   2.23e-02
    98   114 2.959773454e+04 2.549e-08 3.178e-08 3.35e-04   S   1.96e-02
    99   115 2.959773388e+04 2.222e-08 2.896e-08 2.99e-04   S   1.96e-02
   100   116 2.959773320e+04 2.313e-08 2.811e-08 2.85e-04   S   1.96e-02
   101   117 2.959773262e+04 1.964e-08 2.757e-08 3.44e-04   S   1.75e-02
   102   118 2.959773188e+04 2.475e-08 2.785e-08 3.44e-04   S   1.75e-02
   103   119 2.959773146e+04 1.451e-08 2.319e-08 3.25e-04   S   1.75e-02
   104   120 2.959773076e+04 2.348e-08 2.762e-08 3.28e-04   S   1.55e-02
   105   121 2.959773024e+04 1.770e-08 2.352e-08 3.02e-04   S   1.55e-02
   106   122 2.959772971e+04 1.795e-08 2.181e-08 2.95e-04   S   1.55e-02
   107   123 2.959772920e+04 1.690e-08 2.121e-08 3.57e-04   S   1.36e-02
   108   124 2.959772868e+04 1.765e-08 2.023e-08 3.34e-04   S   1.36e-02
   109   125 2.959772829e+04 1.321e-08 1.675e-08 2.93e-04   S   1.36e-02
   110   126 2.959772781e+04 1.625e-08 1.860e-08 3.18e-04   S   1.16e-02
   111   129 2.959772612e+04 5.712e-08 6.711e-08 1.54e-03   S   1.76e-03
   112   130 2.959772554e+04 1.946e-08 6.010e-08 1.65e-03   S   1.39e-03
   113   132 2.959772485e+04 2.343e-08 5.240e-08 7.63e-04   S   2.28e-03
   114   134 2.959772472e+04 4.331e-09 3.032e-08 3.65e-04   S   7.02e-03
   115   136 2.959772462e+04 3.498e-09 2.222e-08 1.41e-04   S   1.63e-02
   116   137 2.959772442e+04 6.837e-09 1.875e-08 2.28e-04   S   1.59e-02
   117   138 2.959772437e+04 1.655e-09 1.365e-08 1.45e-04   S   1.59e-02
   118   139 2.959772424e+04 4.154e-09 9.805e-09 1.56e-04   S   8.69e-03
   119   140 2.959772419e+04 2.016e-09 6.911e-09 1.59e-04   S   6.26e-03
   120   141 2.959772414e+04 1.677e-09 5.627e-09 1.42e-04   S   6.13e-03
   121   142 2.959772407e+04 2.349e-09 4.595e-09 1.47e-04   S   4.90e-03
   122   143 2.959772404e+04 7.259e-10 3.305e-09 1.79e-04   S   3.76e-03
   123   144 2.959772401e+04 1.201e-09 3.328e-09 2.07e-04   S   3.02e-03
   124   145 2.959772397e+04 1.380e-09 2.765e-09 1.95e-04   S   3.00e-03
   125   146 2.959772397e+04 1.021e-10 1.910e-09 1.81e-04   S   2.11e-03
   126   147 2.959772394e+04 9.741e-10 1.627e-09 9.36e-05   S   5.27e-03
   127   148 2.959772393e+04 1.074e-10 9.666e-10 7.81e-05   S   5.21e-03
   128   149 2.959772393e+04 1.651e-10 7.520e-10 1.12e-04   S   2.12e-03
   129   150 2.959772392e+04 3.801e-10 7.425e-10 1.15e-04   S   1.71e-03
   130   152 2.959772391e+04 8.902e-11 3.281e-10 5.45e-05   S   7.11e-03
   131   153 2.959772391e+04 3.512e-11 2.532e-10 3.77e-05   S   4.34e-03
   132   154 2.959772391e+04 9.038e-12 2.150e-10 6.79e-05   S   2.36e-03
   133   155 2.959772391e+04 1.256e-10 1.892e-10 2.39e-05   S   8.86e-03
   134   158 2.959772391e+04 1.706e-12 4.243e-11 3.21e-06   S   1.61e-01
   135   159 2.959772391e+04 1.850e-11 2.330e-11 2.10e-06   S   3.14e-01
   136   160 2.959772391e+04 3.781e-12 9.560e-12 1.19e-06   S   1.84e-01
   137   161 2.959772391e+04 4.959e-12 6.640e-12 1.59e-06   S   1.24e-01
   138   162 2.959772391e+04 2.994e-12 4.929e-12 1.65e-06   S   1.03e-01

***** Relative function convergence *****

Estimated parameters with approximate standard errors from BHHH matrix:
                                   Estimate     BHHH se BHH t-ratio (0)
asc_alimentos                      0.785700     1.42598        0.550991
bnpersonas_alimentos               0.247921     0.42417        0.584492
bnmenores_0_4_alimentos           -0.020929     0.88668       -0.023604
bnmenores_5_14_alimentos          -0.113409     0.46642       -0.243146
bnpersonas_15_65_alimentos         0.073070     0.56243        0.129916
bntrabajadores_alimentos          -0.033443     0.37422       -0.089366
bnprofesionales_alimentos         -0.011369     4.89215       -0.002324
bedadpromedio_alimentos            0.024859     0.02121        1.172016
bq2_alimentos                     -0.208495     0.65090       -0.320315
bq3_alimentos                     -0.298748     0.79776       -0.374486
bq4_alimentos                     -0.473074     0.83499       -0.566563
bq5_alimentos                     -0.705055     0.95741       -0.736419
bnorte_alimentos                   0.086779     0.72511        0.119678
bcentro_alimentos                 -0.183146     0.61283       -0.298854
bsur_alimentos                    -0.365767     0.69101       -0.529324
asc_vestimenta                     0.000000          NA              NA
bnpersonas_vestimenta              0.000000          NA              NA
bnmenores_0_4_vestimenta           0.000000          NA              NA
bnmenores_5_14_vestimenta          0.000000          NA              NA
bnpersonas_15_65_vestimenta        0.000000          NA              NA
bntrabajadores_vestimenta          0.000000          NA              NA
bnprofesionales_vestimenta         0.000000          NA              NA
bedadpromedio_vestimenta           0.000000          NA              NA
bq2_vestimenta                     0.000000          NA              NA
bq3_vestimenta                     0.000000          NA              NA
bq4_vestimenta                     0.000000          NA              NA
bq5_vestimenta                     0.000000          NA              NA
bnorte_vestimenta                  0.000000          NA              NA
bcentro_vestimenta                 0.000000          NA              NA
bsur_vestimenta                    0.000000          NA              NA
asc_cuentas                        1.931473     1.39477        1.384792
bnpersonas_cuentas                 0.030500     0.42534        0.071706
bnmenores_0_4_cuentas              0.049125     0.87934        0.055865
bnmenores_5_14_cuentas            -0.119393     0.46324       -0.257733
bnpersonas_15_65_cuentas          -0.042671     0.56189       -0.075942
bntrabajadores_cuentas            -0.034310     0.37185       -0.092266
bnprofesionales_cuentas            0.163399     4.80113        0.034034
bedadpromedio_cuentas              0.008109     0.02081        0.389741
bq2_cuentas                       -0.177070     0.64577       -0.274200
bq3_cuentas                       -0.257803     0.78912       -0.326696
bq4_cuentas                       -0.330346     0.83018       -0.397920
bq5_cuentas                       -0.509874     0.95172       -0.535739
bnorte_cuentas                    -0.110844     0.72169       -0.153590
bcentro_cuentas                   -0.298926     0.60763       -0.491957
bsur_cuentas                       0.041268     0.67818        0.060852
asc_hogar                         -0.270772     1.63433       -0.165677
bnpersonas_hogar                   0.069824     0.48153        0.145005
bnmenores_0_4_hogar                0.155914     0.98911        0.157631
bnmenores_5_14_hogar              -0.042817     0.52688       -0.081265
bnpersonas_15_65_hogar            -0.045365     0.63542       -0.071394
bntrabajadores_hogar              -0.086716     0.42693       -0.203113
bnprofesionales_hogar              0.232864     4.67614        0.049798
bedadpromedio_hogar                0.017845     0.02380        0.749896
bq2_hogar                          0.057052     0.74295        0.076791
bq3_hogar                          0.169853     0.90772        0.187120
bq4_hogar                          0.231797     0.93419        0.248126
bq5_hogar                          0.474028     1.04346        0.454284
bnorte_hogar                      -0.046796     0.82246       -0.056898
bcentro_hogar                     -0.092818     0.68951       -0.134615
bsur_hogar                        -0.008761     0.77111       -0.011362
asc_salud                         -0.491128     1.48192       -0.331413
bnpersonas_salud                   0.092126     0.43874        0.209982
bnmenores_0_4_salud                0.066469     0.93096        0.071399
bnmenores_5_14_salud              -0.099679     0.49039       -0.203266
bnpersonas_15_65_salud             0.039122     0.58328        0.067073
bntrabajadores_salud              -0.136176     0.39247       -0.346975
bnprofesionales_salud              0.076236     4.81201        0.015843
bedadpromedio_salud                0.027619     0.02200        1.255546
bq2_salud                          0.169026     0.67616        0.249978
bq3_salud                          0.225664     0.82356        0.274011
bq4_salud                          0.411581     0.86911        0.473566
bq5_salud                          0.568461     0.98454        0.577387
bnorte_salud                      -0.202871     0.76070       -0.266689
bcentro_salud                     -0.153592     0.63250       -0.242834
bsur_salud                        -0.188286     0.70730       -0.266204
asc_transporte                     0.530614     1.42000        0.373671
bnpersonas_transporte            6.7756e-04     0.42917        0.001579
bnmenores_0_4_transporte           0.059398     0.88357        0.067225
bnmenores_5_14_transporte         -0.065451     0.46832       -0.139756
bnpersonas_15_65_transporte        0.149768     0.56771        0.263812
bntrabajadores_transporte          0.021185     0.37405        0.056636
bnprofesionales_transporte         0.105784     4.59562        0.023018
bedadpromedio_transporte           0.006180     0.02115        0.292246
bq2_transporte                     0.148566     0.66011        0.225064
bq3_transporte                     0.255832     0.79899        0.320193
bq4_transporte                     0.383310     0.83486        0.459130
bq5_transporte                     0.478816     0.95330        0.502274
bnorte_transporte                  0.126682     0.73411        0.172564
bcentro_transporte                 0.021544     0.61279        0.035158
bsur_transporte                    0.070037     0.68412        0.102376
asc_comunicaciones                 0.316057     1.63796        0.192958
bnpersonas_comunicaciones          0.081684     0.49054        0.166517
bnmenores_0_4_comunicaciones      -0.076712     1.05493       -0.072717
bnmenores_5_14_comunicaciones     -0.111297     0.54900       -0.202726
bnpersonas_15_65_comunicaciones    0.053632     0.64550        0.083086
bntrabajadores_comunicaciones     -0.031062     0.43614       -0.071221
bnprofesionales_comunicaciones     0.206776     4.77184        0.043333
bedadpromedio_comunicaciones       0.011603     0.02441        0.475318
bq2_comunicaciones                -0.030936     0.75791       -0.040818
bq3_comunicaciones                -0.046567     0.92147       -0.050536
bq4_comunicaciones                -0.116469     0.98118       -0.118703
bq5_comunicaciones                -0.226414     1.10815       -0.204318
bnorte_comunicaciones              0.145831     0.83838        0.173944
bcentro_comunicaciones            -0.016826     0.71061       -0.023678
bsur_comunicaciones                0.080325     0.79075        0.101580
asc_recreacion                     0.421926     1.60164        0.263434
bnpersonas_recreacion             -0.085302     0.47208       -0.180696
bnmenores_0_4_recreacion          -0.039326     1.00236       -0.039234
bnmenores_5_14_recreacion         -0.063134     0.52756       -0.119673
bnpersonas_15_65_recreacion        0.086330     0.63100        0.136814
bntrabajadores_recreacion         -0.003923     0.41841       -0.009377
bnprofesionales_recreacion         0.130199     4.99306        0.026076
bedadpromedio_recreacion           0.001561     0.02399        0.065051
bq2_recreacion                     0.213350     0.74861        0.284995
bq3_recreacion                     0.441210     0.89488        0.493038
bq4_recreacion                     0.603297     0.93005        0.648670
bq5_recreacion                     0.913043     1.02443        0.891273
bnorte_recreacion                 -0.023565     0.80252       -0.029363
bcentro_recreacion                -0.175836     0.68084       -0.258263
bsur_recreacion                   -0.183040     0.76924       -0.237948
asc_educacion                      0.165424     1.57076        0.105315
bnpersonas_educacion               0.140624     0.47134        0.298350
bnmenores_0_4_educacion           -0.751338     0.98105       -0.765853
bnmenores_5_14_educacion          -0.185732     0.49900       -0.372209
bnpersonas_15_65_educacion         0.303711     0.63753        0.476389
bntrabajadores_educacion          -0.393416     0.40911       -0.961638
bnprofesionales_educacion          0.295921     4.52756        0.065360
bedadpromedio_educacion           -0.039830     0.02688       -1.481806
bq2_educacion                      0.112748     0.77994        0.144560
bq3_educacion                      0.527681     0.89395        0.590280
bq4_educacion                      0.768448     0.93267        0.823923
bq5_educacion                      1.473850     1.03175        1.428490
bnorte_educacion                   0.076169     0.79757        0.095501
bcentro_educacion                 -0.121703     0.69102       -0.176120
bsur_educacion                    -0.174102     0.76889       -0.226433
asc_restaurantes                   0.397190     1.61171        0.246440
bnpersonas_restaurantes            0.005679     0.47594        0.011931
bnmenores_0_4_restaurantes        -0.215946     1.01835       -0.212054
bnmenores_5_14_restaurantes       -0.207621     0.53144       -0.390677
bnpersonas_15_65_restaurantes      0.038468     0.63534        0.060546
bntrabajadores_restaurantes        0.021594     0.41478        0.052061
bnprofesionales_restaurantes       0.297428     4.64359        0.064051
bedadpromedio_restaurantes      -9.4439e-04     0.02404       -0.039282
bq2_restaurantes                   0.101265     0.74458        0.136002
bq3_restaurantes                   0.283215     0.88929        0.318474
bq4_restaurantes                   0.415169     0.94194        0.440758
bq5_restaurantes                   0.685589     1.04433        0.656484
bnorte_restaurantes                0.075507     0.79187        0.095353
bcentro_restaurantes              -0.448244     0.70091       -0.639520
bsur_restaurantes                 -0.734117     0.81027       -0.906015

Final LL: -29597.7239

Calculating log-likelihood at equal shares (LL(0)) for applicable
  models...
Calculating log-likelihood at observed shares from estimation data
  (LL(c)) for applicable models...
Calculating LL of each model component...
Calculating other model fit measures
Computing covariance matrix using numerical jacobian of analytical
  gradient.
 0%....25%....50%....75%....100%
Negative definite Hessian with maximum eigenvalue: -0.408677

Your model was estimated using the BGW algorithm. Please acknowledge
  this by citing Bunch et al. (1993) - doi.org/10.1145/151271.151279

Please acknowledge the use of Apollo by citing Hess & Palma (2019) -
  doi.org/10.1016/j.jocm.2019.100170
Model run by preyes using Apollo 0.3.6 on R 4.4.0 for Linux.
Please acknowledge the use of Apollo by citing Hess & Palma (2019)
  DOI 10.1016/j.jocm.2019.100170
  www.ApolloChoiceModelling.com

Model name                                  : FMNL-epf-ix
Model description                           : Fractional MNL model on time use data
Model run at                                : 2026-05-22 09:12:17.524484
Estimation method                           : bgw
Estimation diagnosis                        : Relative function convergence
Optimisation diagnosis                      : Maximum found
     hessian properties                     : Negative definite
     maximum eigenvalue                     : -0.408677
     reciprocal of condition number         : 5.0436e-08
Number of individuals                       : 14961
Number of rows in database                  : 14961
Number of modelled outcomes                 : 14961

Number of cores used                        :  22 
Model without mixing

LL(start)                                   : -34448.98
LL at equal shares, LL(0)                   : -34448.98
LL at observed shares, LL(C)                : NA
LL(final)                                   : -29597.72
Rho-squared vs equal shares                  :  0.1408 
Adj.Rho-squared vs equal shares              :  0.1369 
Rho-squared vs observed shares               :  Not applicable 
Adj.Rho-squared vs observed shares           :  Not applicable 
AIC                                         :  59465.45 
BIC                                         :  60493.23 

Estimated parameters                        : 135
Time taken (hh:mm:ss)                       :  00:10:58.63 
     pre-estimation                         :  00:00:25.06 
     estimation                             :  00:02:32.65 
     post-estimation                        :  00:08:0.93 
Iterations                                  :  138  

Unconstrained optimisation.

Estimates:
                                   Estimate        s.e.   t.rat.(0)    Rob.s.e.
asc_alimentos                      0.785700    0.290768    2.702154    0.062915
bnpersonas_alimentos               0.247921    0.079128    3.133189    0.015878
bnmenores_0_4_alimentos           -0.020929    0.159903   -0.130887    0.031579
bnmenores_5_14_alimentos          -0.113409    0.086001   -1.318683    0.017114
bnpersonas_15_65_alimentos         0.073070    0.108766    0.671802    0.022367
bntrabajadores_alimentos          -0.033443    0.071996   -0.464510    0.014712
bnprofesionales_alimentos         -0.011369    0.555307   -0.020474    0.070988
bedadpromedio_alimentos            0.024859    0.004547    5.467645    0.001039
bq2_alimentos                     -0.208495    0.142354   -1.464622    0.032611
bq3_alimentos                     -0.298748    0.154249   -1.936785    0.032162
bq4_alimentos                     -0.473074    0.162114   -2.918155    0.033855
bq5_alimentos                     -0.705055    0.173034   -4.074659    0.034413
bnorte_alimentos                   0.086779    0.144544    0.600367    0.030626
bcentro_alimentos                 -0.183146    0.122630   -1.493485    0.025811
bsur_alimentos                    -0.365767    0.143027   -2.557319    0.031276
asc_vestimenta                     0.000000          NA          NA          NA
bnpersonas_vestimenta              0.000000          NA          NA          NA
bnmenores_0_4_vestimenta           0.000000          NA          NA          NA
bnmenores_5_14_vestimenta          0.000000          NA          NA          NA
bnpersonas_15_65_vestimenta        0.000000          NA          NA          NA
bntrabajadores_vestimenta          0.000000          NA          NA          NA
bnprofesionales_vestimenta         0.000000          NA          NA          NA
bedadpromedio_vestimenta           0.000000          NA          NA          NA
bq2_vestimenta                     0.000000          NA          NA          NA
bq3_vestimenta                     0.000000          NA          NA          NA
bq4_vestimenta                     0.000000          NA          NA          NA
bq5_vestimenta                     0.000000          NA          NA          NA
bnorte_vestimenta                  0.000000          NA          NA          NA
bcentro_vestimenta                 0.000000          NA          NA          NA
bsur_vestimenta                    0.000000          NA          NA          NA
asc_cuentas                        1.931473    0.292785    6.596894    0.070141
bnpersonas_cuentas                 0.030500    0.081558    0.373963    0.017762
bnmenores_0_4_cuentas              0.049125    0.163751    0.299997    0.036085
bnmenores_5_14_cuentas            -0.119393    0.088590   -1.347706    0.019743
bnpersonas_15_65_cuentas          -0.042671    0.111228   -0.383637    0.024579
bntrabajadores_cuentas            -0.034310    0.073731   -0.465333    0.016732
bnprofesionales_cuentas            0.163399    0.546969    0.298736    0.077231
bedadpromedio_cuentas              0.008109    0.004601    1.762241    0.001151
bq2_cuentas                       -0.177070    0.144602   -1.224533    0.035365
bq3_cuentas                       -0.257803    0.157084   -1.641184    0.035863
bq4_cuentas                       -0.330346    0.164814   -2.004353    0.037313
bq5_cuentas                       -0.509874    0.176007   -2.896897    0.037988
bnorte_cuentas                    -0.110844    0.148222   -0.747821    0.034255
bcentro_cuentas                   -0.298926    0.125412   -2.383551    0.028839
bsur_cuentas                       0.041268    0.143122    0.288343    0.033421
asc_hogar                         -0.270772    0.347675   -0.778807    0.079770
bnpersonas_hogar                   0.069824    0.092241    0.756976    0.018913
bnmenores_0_4_hogar                0.155914    0.188438    0.827402    0.039973
bnmenores_5_14_hogar              -0.042817    0.102227   -0.418844    0.021616
bnpersonas_15_65_hogar            -0.045365    0.127009   -0.357182    0.026961
bntrabajadores_hogar              -0.086716    0.084962   -1.020639    0.017998
bnprofesionales_hogar              0.232864    0.577119    0.403494    0.104813
bedadpromedio_hogar                0.017845    0.005359    3.330141    0.001347
bq2_hogar                          0.057052    0.170599    0.334423    0.041524
bq3_hogar                          0.169853    0.183701    0.924616    0.040764
bq4_hogar                          0.231797    0.191247    1.212030    0.043111
bq5_hogar                          0.474028    0.198425    2.388955    0.042602
bnorte_hogar                      -0.046796    0.171665   -0.272602    0.038348
bcentro_hogar                     -0.092818    0.144679   -0.641546    0.032439
bsur_hogar                        -0.008761    0.165973   -0.052787    0.038260
asc_salud                         -0.491128    0.333327   -1.473412    0.088545
bnpersonas_salud                   0.092126    0.087221    1.056246    0.020323
bnmenores_0_4_salud                0.066469    0.182441    0.364334    0.042099
bnmenores_5_14_salud              -0.099679    0.098169   -1.015383    0.023180
bnpersonas_15_65_salud             0.039122    0.120261    0.325310    0.029161
bntrabajadores_salud              -0.136176    0.080468   -1.692289    0.018850
bnprofesionales_salud              0.076236    0.576390    0.132265    0.097733
bedadpromedio_salud                0.027619    0.005112    5.402401    0.001379
bq2_salud                          0.169026    0.161348    1.047592    0.045369
bq3_salud                          0.225664    0.175097    1.288797    0.045333
bq4_salud                          0.411581    0.180841    2.275922    0.045045
bq5_salud                          0.568461    0.189740    2.995992    0.044521
bnorte_salud                      -0.202871    0.163922   -1.237613    0.041163
bcentro_salud                     -0.153592    0.136481   -1.125374    0.034475
bsur_salud                        -0.188286    0.158799   -1.185684    0.041703
asc_transporte                     0.530614    0.310114    1.711028    0.081629
bnpersonas_transporte            6.7756e-04    0.084548    0.008014    0.020222
bnmenores_0_4_transporte           0.059398    0.169548    0.350332    0.041010
bnmenores_5_14_transporte         -0.065451    0.091661   -0.714054    0.021973
bnpersonas_15_65_transporte        0.149768    0.116416    1.286488    0.028929
bntrabajadores_transporte          0.021185    0.076353    0.277457    0.019035
bnprofesionales_transporte         0.105784    0.557055    0.189898    0.118056
bedadpromedio_transporte           0.006180    0.004863    1.270772    0.001337
bq2_transporte                     0.148566    0.155311    0.956572    0.043234
bq3_transporte                     0.255832    0.166301    1.538362    0.043886
bq4_transporte                     0.383310    0.172474    2.222426    0.044818
bq5_transporte                     0.478816    0.181434    2.639071    0.044239
bnorte_transporte                  0.126682    0.154370    0.820634    0.037748
bcentro_transporte                 0.021544    0.131091    0.164348    0.033772
bsur_transporte                    0.070037    0.150818    0.464384    0.040476
asc_comunicaciones                 0.316057    0.323799    0.976091    0.065721
bnpersonas_comunicaciones          0.081684    0.087720    0.931185    0.016089
bnmenores_0_4_comunicaciones      -0.076712    0.179855   -0.426520    0.031796
bnmenores_5_14_comunicaciones     -0.111297    0.096524   -1.153051    0.017506
bnpersonas_15_65_comunicaciones    0.053632    0.120465    0.445206    0.022857
bntrabajadores_comunicaciones     -0.031062    0.080021   -0.388178    0.014923
bnprofesionales_comunicaciones     0.206776    0.581657    0.355495    0.108026
bedadpromedio_comunicaciones       0.011603    0.005039    2.302520    0.001080
bq2_comunicaciones                -0.030936    0.157891   -0.195935    0.033591
bq3_comunicaciones                -0.046567    0.171185   -0.272028    0.033189
bq4_comunicaciones                -0.116469    0.180000   -0.647050    0.034287
bq5_comunicaciones                -0.226414    0.192597   -1.175586    0.035373
bnorte_comunicaciones              0.145831    0.160636    0.907835    0.031322
bcentro_comunicaciones            -0.016826    0.136974   -0.122841    0.026811
bsur_comunicaciones                0.080325    0.157117    0.511243    0.031864
asc_recreacion                     0.421926    0.339101    1.244246    0.075089
bnpersonas_recreacion             -0.085302    0.093027   -0.916961    0.019669
bnmenores_0_4_recreacion          -0.039326    0.187945   -0.209244    0.037978
bnmenores_5_14_recreacion         -0.063134    0.101293   -0.623281    0.020694
bnpersonas_15_65_recreacion        0.086330    0.127739    0.675830    0.027247
bntrabajadores_recreacion         -0.003923    0.083480   -0.046998    0.017474
bnprofesionales_recreacion         0.130199    0.575826    0.226108    0.082640
bedadpromedio_recreacion           0.001561    0.005327    0.292983    0.001248
bq2_recreacion                     0.213350    0.175082    1.218571    0.043117
bq3_recreacion                     0.441210    0.184668    2.389208    0.041729
bq4_recreacion                     0.603297    0.189934    3.176350    0.042070
bq5_recreacion                     0.913043    0.196357    4.649905    0.041986
bnorte_recreacion                 -0.023565    0.167883   -0.140365    0.037056
bcentro_recreacion                -0.175836    0.143347   -1.226643    0.031765
bsur_recreacion                   -0.183040    0.165693   -1.104695    0.037335
asc_educacion                      0.165424    0.426827    0.387568    0.153491
bnpersonas_educacion               0.140624    0.109681    1.282124    0.031498
bnmenores_0_4_educacion           -0.751338    0.227603   -3.301092    0.067703
bnmenores_5_14_educacion          -0.185732    0.116004   -1.601087    0.034895
bnpersonas_15_65_educacion         0.303711    0.161427    1.881416    0.051747
bntrabajadores_educacion          -0.393416    0.097788   -4.023156    0.029686
bnprofesionales_educacion          0.295921    0.617371    0.479324    0.124686
bedadpromedio_educacion           -0.039830    0.007542   -5.281415    0.002461
bq2_educacion                      0.112748    0.243477    0.463074    0.094474
bq3_educacion                      0.527681    0.241483    2.185167    0.087815
bq4_educacion                      0.768448    0.243061    3.161541    0.085469
bq5_educacion                      1.473850    0.239637    6.150340    0.078330
bnorte_educacion                   0.076169    0.201511    0.377990    0.063855
bcentro_educacion                 -0.121703    0.178432   -0.682070    0.056630
bsur_educacion                    -0.174102    0.207198   -0.840270    0.069453
asc_restaurantes                   0.397190    0.357055    1.112408    0.087659
bnpersonas_restaurantes            0.005679    0.096010    0.059146    0.021552
bnmenores_0_4_restaurantes        -0.215946    0.198426   -1.088298    0.043137
bnmenores_5_14_restaurantes       -0.207621    0.107300   -1.934958    0.024097
bnpersonas_15_65_restaurantes      0.038468    0.133574    0.287988    0.030950
bntrabajadores_restaurantes        0.021594    0.087464    0.246889    0.020659
bnprofesionales_restaurantes       0.297428    0.576114    0.516266    0.093313
bedadpromedio_restaurantes      -9.4439e-04    0.005621   -0.168001    0.001484
bq2_restaurantes                   0.101265    0.184377    0.549227    0.050767
bq3_restaurantes                   0.283215    0.194195    1.458405    0.049597
bq4_restaurantes                   0.415169    0.199387    2.082226    0.048448
bq5_restaurantes                   0.685589    0.205707    3.332842    0.047887
bnorte_restaurantes                0.075507    0.170384    0.443156    0.041343
bcentro_restaurantes              -0.448244    0.152457   -2.940126    0.036155
bsur_restaurantes                 -0.734117    0.186463   -3.937058    0.047137
                                Rob.t.rat.(0)
asc_alimentos                        12.48834
bnpersonas_alimentos                 15.61402
bnmenores_0_4_alimentos              -0.66276
bnmenores_5_14_alimentos             -6.62672
bnpersonas_15_65_alimentos            3.26690
bntrabajadores_alimentos             -2.27318
bnprofesionales_alimentos            -0.16016
bedadpromedio_alimentos              23.91910
bq2_alimentos                        -6.39333
bq3_alimentos                        -9.28898
bq4_alimentos                       -13.97369
bq5_alimentos                       -20.48789
bnorte_alimentos                      2.83356
bcentro_alimentos                    -7.09560
bsur_alimentos                      -11.69489
asc_vestimenta                             NA
bnpersonas_vestimenta                      NA
bnmenores_0_4_vestimenta                   NA
bnmenores_5_14_vestimenta                  NA
bnpersonas_15_65_vestimenta                NA
bntrabajadores_vestimenta                  NA
bnprofesionales_vestimenta                 NA
bedadpromedio_vestimenta                   NA
bq2_vestimenta                             NA
bq3_vestimenta                             NA
bq4_vestimenta                             NA
bq5_vestimenta                             NA
bnorte_vestimenta                          NA
bcentro_vestimenta                         NA
bsur_vestimenta                            NA
asc_cuentas                          27.53684
bnpersonas_cuentas                    1.71714
bnmenores_0_4_cuentas                 1.36137
bnmenores_5_14_cuentas               -6.04723
bnpersonas_15_65_cuentas             -1.73608
bntrabajadores_cuentas               -2.05048
bnprofesionales_cuentas               2.11574
bedadpromedio_cuentas                 7.04643
bq2_cuentas                          -5.00699
bq3_cuentas                          -7.18849
bq4_cuentas                          -8.85346
bq5_cuentas                         -13.42197
bnorte_cuentas                       -3.23588
bcentro_cuentas                     -10.36550
bsur_cuentas                          1.23480
asc_hogar                            -3.39440
bnpersonas_hogar                      3.69180
bnmenores_0_4_hogar                   3.90049
bnmenores_5_14_hogar                 -1.98081
bnpersonas_15_65_hogar               -1.68265
bntrabajadores_hogar                 -4.81796
bnprofesionales_hogar                 2.22171
bedadpromedio_hogar                  13.24804
bq2_hogar                             1.37396
bq3_hogar                             4.16675
bq4_hogar                             5.37677
bq5_hogar                            11.12677
bnorte_hogar                         -1.22029
bcentro_hogar                        -2.86134
bsur_hogar                           -0.22899
asc_salud                            -5.54666
bnpersonas_salud                      4.53308
bnmenores_0_4_salud                   1.57888
bnmenores_5_14_salud                 -4.30023
bnpersonas_15_65_salud                1.34161
bntrabajadores_salud                 -7.22427
bnprofesionales_salud                 0.78005
bedadpromedio_salud                  20.03357
bq2_salud                             3.72559
bq3_salud                             4.97787
bq4_salud                             9.13720
bq5_salud                            12.76826
bnorte_salud                         -4.92849
bcentro_salud                        -4.45512
bsur_salud                           -4.51495
asc_transporte                        6.50032
bnpersonas_transporte                 0.03351
bnmenores_0_4_transporte              1.44838
bnmenores_5_14_transporte            -2.97869
bnpersonas_15_65_transporte           5.17700
bntrabajadores_transporte             1.11293
bnprofesionales_transporte            0.89604
bedadpromedio_transporte              4.62071
bq2_transporte                        3.43631
bq3_transporte                        5.82947
bq4_transporte                        8.55266
bq5_transporte                       10.82349
bnorte_transporte                     3.35598
bcentro_transporte                    0.63793
bsur_transporte                       1.73035
asc_comunicaciones                    4.80905
bnpersonas_comunicaciones             5.07697
bnmenores_0_4_comunicaciones         -2.41259
bnmenores_5_14_comunicaciones        -6.35778
bnpersonas_15_65_comunicaciones       2.34641
bntrabajadores_comunicaciones        -2.08156
bnprofesionales_comunicaciones        1.91414
bedadpromedio_comunicaciones         10.74053
bq2_comunicaciones                   -0.92096
bq3_comunicaciones                   -1.40309
bq4_comunicaciones                   -3.39691
bq5_comunicaciones                   -6.40079
bnorte_comunicaciones                 4.65582
bcentro_comunicaciones               -0.62758
bsur_comunicaciones                   2.52088
asc_recreacion                        5.61904
bnpersonas_recreacion                -4.33693
bnmenores_0_4_recreacion             -1.03550
bnmenores_5_14_recreacion            -3.05084
bnpersonas_15_65_recreacion           3.16838
bntrabajadores_recreacion            -0.22452
bnprofesionales_recreacion            1.57550
bedadpromedio_recreacion              1.25017
bq2_recreacion                        4.94817
bq3_recreacion                       10.57320
bq4_recreacion                       14.34031
bq5_recreacion                       21.74641
bnorte_recreacion                    -0.63592
bcentro_recreacion                   -5.53560
bsur_recreacion                      -4.90270
asc_educacion                         1.07774
bnpersonas_educacion                  4.46459
bnmenores_0_4_educacion             -11.09752
bnmenores_5_14_educacion             -5.32266
bnpersonas_15_65_educacion            5.86910
bntrabajadores_educacion            -13.25258
bnprofesionales_educacion             2.37332
bedadpromedio_educacion             -16.18445
bq2_educacion                         1.19343
bq3_educacion                         6.00902
bq4_educacion                         8.99093
bq5_educacion                        18.81586
bnorte_educacion                      1.19285
bcentro_educacion                    -2.14909
bsur_educacion                       -2.50677
asc_restaurantes                      4.53107
bnpersonas_restaurantes               0.26348
bnmenores_0_4_restaurantes           -5.00611
bnmenores_5_14_restaurantes          -8.61621
bnpersonas_15_65_restaurantes         1.24291
bntrabajadores_restaurantes           1.04527
bnprofesionales_restaurantes          3.18742
bedadpromedio_restaurantes           -0.63620
bq2_restaurantes                      1.99470
bq3_restaurantes                      5.71033
bq4_restaurantes                      8.56946
bq5_restaurantes                     14.31669
bnorte_restaurantes                   1.82633
bcentro_restaurantes                -12.39796
bsur_restaurantes                   -15.57425


Old result file "output/FMNL-epf-ix_output.txt" 
 renamed to: "output/FMNL-epf-ix_OLD1_output.txt"
Old result file "output/FMNL-epf-ix_estimates.csv" 
 renamed to: "output/FMNL-epf-ix_OLD1_estimates.csv"
Old result file "output/FMNL-epf-ix_model.rds" 
 renamed to: "output/FMNL-epf-ix_OLD1_model.rds"
Model output saved to output/FMNL-epf-ix_output.txt 
Estimates saved to output/FMNL-epf-ix_estimates.csv 
Model object saved to output/FMNL-epf-ix.rds 
